// Jest Snapshot v1, https://goo.gl/fbAQLP

exports[`DialogAlert behavior tests should call the onCancel callback when the cancel button is pressed 1`] = `
<View
  style={
    {
      "alignItems": "center",
      "backgroundColor": "rgba(0,0,0,0.5)",
      "display": "flex",
      "height": "120%",
      "justifyContent": "center",
      "position": "absolute",
      "width": "120%",
    }
  }
>
  <Modal
    animationType="fade"
    hardwareAccelerated={false}
    testID="dialogAlert"
    transparent={true}
    visible={true}
  >
    <View
      style={
        {
          "alignItems": "center",
          "display": "flex",
          "flex": 1,
          "justifyContent": "center",
        }
      }
    >
      <View
        style={
          {
            "backgroundColor": "#ffffff",
            "borderRadius": 10,
            "padding": 24,
          }
        }
      >
        <View
          style={
            {
              "alignItems": "center",
              "flexDirection": "row",
            }
          }
        >
          <View
            style={
              {
                "alignItems": "center",
                "backgroundColor": "red",
                "borderRadius": 20,
                "height": 30,
                "justifyContent": "center",
                "marginRight": 10,
                "width": 30,
              }
            }
          >
            <Image
              source={
                {
                  "testUri": "../../../src/assets/images/cancel.png",
                }
              }
              style={
                {
                  "height": 20,
                  "width": 20,
                }
              }
              testID="dialogAlertIcon"
            />
          </View>
          <Text
            style={
              {
                "color": "#f44336",
                "display": "flex",
                "flexDirection": "row",
                "fontSize": 24,
              }
            }
            testID="dialogAlertTitle"
          >
            Test Title
          </Text>
        </View>
        <View
          style={
            {
              "marginBottom": 20,
              "marginTop": 20,
            }
          }
        >
          <Text
            style={
              {
                "color": "#000000",
                "display": "flex",
                "flexDirection": "row",
                "fontSize": 14,
              }
            }
            testID="dialogAlertMessage"
          >
            Test Message
          </Text>
        </View>
        <View
          style={
            {
              "flexDirection": "row",
              "justifyContent": "space-between",
            }
          }
        >
          <View
            accessibilityState={
              {
                "busy": undefined,
                "checked": undefined,
                "disabled": undefined,
                "expanded": undefined,
                "selected": undefined,
              }
            }
            accessibilityValue={
              {
                "max": undefined,
                "min": undefined,
                "now": undefined,
                "text": undefined,
              }
            }
            accessible={true}
            collapsable={false}
            focusable={true}
            onClick={[Function]}
            onResponderGrant={[Function]}
            onResponderMove={[Function]}
            onResponderRelease={[Function]}
            onResponderTerminate={[Function]}
            onResponderTerminationRequest={[Function]}
            onStartShouldSetResponder={[Function]}
            style={
              {
                "alignItems": "center",
                "backgroundColor": "#3a59db",
                "borderRadius": 5,
                "display": "flex",
                "justifyContent": "center",
                "opacity": 1,
                "padding": 8,
              }
            }
            testID="dialogAlertCancelButton"
          />
          <View
            accessibilityState={
              {
                "busy": undefined,
                "checked": undefined,
                "disabled": undefined,
                "expanded": undefined,
                "selected": undefined,
              }
            }
            accessibilityValue={
              {
                "max": undefined,
                "min": undefined,
                "now": undefined,
                "text": undefined,
              }
            }
            accessible={true}
            collapsable={false}
            focusable={true}
            onClick={[Function]}
            onResponderGrant={[Function]}
            onResponderMove={[Function]}
            onResponderRelease={[Function]}
            onResponderTerminate={[Function]}
            onResponderTerminationRequest={[Function]}
            onStartShouldSetResponder={[Function]}
            style={
              {
                "alignItems": "center",
                "backgroundColor": "#f44336",
                "borderRadius": 5,
                "display": "flex",
                "justifyContent": "center",
                "opacity": 1,
                "padding": 8,
              }
            }
            testID="dialogAlertConfirmButton"
          />
        </View>
      </View>
    </View>
  </Modal>
</View>
`;

exports[`DialogAlert behavior tests should call the onConfirm callback when the confirm button is pressed 1`] = `
<View
  style={
    {
      "alignItems": "center",
      "backgroundColor": "rgba(0,0,0,0.5)",
      "display": "flex",
      "height": "120%",
      "justifyContent": "center",
      "position": "absolute",
      "width": "120%",
    }
  }
>
  <Modal
    animationType="fade"
    hardwareAccelerated={false}
    testID="dialogAlert"
    transparent={true}
    visible={true}
  >
    <View
      style={
        {
          "alignItems": "center",
          "display": "flex",
          "flex": 1,
          "justifyContent": "center",
        }
      }
    >
      <View
        style={
          {
            "backgroundColor": "#ffffff",
            "borderRadius": 10,
            "padding": 24,
          }
        }
      >
        <View
          style={
            {
              "alignItems": "center",
              "flexDirection": "row",
            }
          }
        >
          <View
            style={
              {
                "alignItems": "center",
                "backgroundColor": "red",
                "borderRadius": 20,
                "height": 30,
                "justifyContent": "center",
                "marginRight": 10,
                "width": 30,
              }
            }
          >
            <Image
              source={
                {
                  "testUri": "../../../src/assets/images/cancel.png",
                }
              }
              style={
                {
                  "height": 20,
                  "width": 20,
                }
              }
              testID="dialogAlertIcon"
            />
          </View>
          <Text
            style={
              {
                "color": "#f44336",
                "display": "flex",
                "flexDirection": "row",
                "fontSize": 24,
              }
            }
            testID="dialogAlertTitle"
          >
            Test Title
          </Text>
        </View>
        <View
          style={
            {
              "marginBottom": 20,
              "marginTop": 20,
            }
          }
        >
          <Text
            style={
              {
                "color": "#000000",
                "display": "flex",
                "flexDirection": "row",
                "fontSize": 14,
              }
            }
            testID="dialogAlertMessage"
          >
            Test Message
          </Text>
        </View>
        <View
          style={
            {
              "flexDirection": "row",
              "justifyContent": "space-between",
            }
          }
        >
          <View
            accessibilityState={
              {
                "busy": undefined,
                "checked": undefined,
                "disabled": undefined,
                "expanded": undefined,
                "selected": undefined,
              }
            }
            accessibilityValue={
              {
                "max": undefined,
                "min": undefined,
                "now": undefined,
                "text": undefined,
              }
            }
            accessible={true}
            collapsable={false}
            focusable={true}
            onClick={[Function]}
            onResponderGrant={[Function]}
            onResponderMove={[Function]}
            onResponderRelease={[Function]}
            onResponderTerminate={[Function]}
            onResponderTerminationRequest={[Function]}
            onStartShouldSetResponder={[Function]}
            style={
              {
                "alignItems": "center",
                "backgroundColor": "#3a59db",
                "borderRadius": 5,
                "display": "flex",
                "justifyContent": "center",
                "opacity": 1,
                "padding": 8,
              }
            }
            testID="dialogAlertCancelButton"
          />
          <View
            accessibilityState={
              {
                "busy": undefined,
                "checked": undefined,
                "disabled": undefined,
                "expanded": undefined,
                "selected": undefined,
              }
            }
            accessibilityValue={
              {
                "max": undefined,
                "min": undefined,
                "now": undefined,
                "text": undefined,
              }
            }
            accessible={true}
            collapsable={false}
            focusable={true}
            onClick={[Function]}
            onResponderGrant={[Function]}
            onResponderMove={[Function]}
            onResponderRelease={[Function]}
            onResponderTerminate={[Function]}
            onResponderTerminationRequest={[Function]}
            onStartShouldSetResponder={[Function]}
            style={
              {
                "alignItems": "center",
                "backgroundColor": "#f44336",
                "borderRadius": 5,
                "display": "flex",
                "justifyContent": "center",
                "opacity": 1,
                "padding": 8,
              }
            }
            testID="dialogAlertConfirmButton"
          />
        </View>
      </View>
    </View>
  </Modal>
</View>
`;

exports[`DialogAlert render tests should render correctly 1`] = `
<View
  style={
    {
      "alignItems": "center",
      "backgroundColor": "rgba(0,0,0,0.5)",
      "display": "flex",
      "height": "120%",
      "justifyContent": "center",
      "position": "absolute",
      "width": "120%",
    }
  }
>
  <Modal
    animationType="fade"
    hardwareAccelerated={false}
    testID="dialogAlert"
    transparent={true}
    visible={true}
  >
    <View
      style={
        {
          "alignItems": "center",
          "display": "flex",
          "flex": 1,
          "justifyContent": "center",
        }
      }
    >
      <View
        style={
          {
            "backgroundColor": "#ffffff",
            "borderRadius": 10,
            "padding": 24,
          }
        }
      >
        <View
          style={
            {
              "alignItems": "center",
              "flexDirection": "row",
            }
          }
        >
          <View
            style={
              {
                "alignItems": "center",
                "backgroundColor": "red",
                "borderRadius": 20,
                "height": 30,
                "justifyContent": "center",
                "marginRight": 10,
                "width": 30,
              }
            }
          >
            <Image
              source={
                {
                  "testUri": "../../../src/assets/images/cancel.png",
                }
              }
              style={
                {
                  "height": 20,
                  "width": 20,
                }
              }
              testID="dialogAlertIcon"
            />
          </View>
          <Text
            style={
              {
                "color": "#f44336",
                "display": "flex",
                "flexDirection": "row",
                "fontSize": 24,
              }
            }
            testID="dialogAlertTitle"
          >
            Test Title
          </Text>
        </View>
        <View
          style={
            {
              "marginBottom": 20,
              "marginTop": 20,
            }
          }
        >
          <Text
            style={
              {
                "color": "#000000",
                "display": "flex",
                "flexDirection": "row",
                "fontSize": 14,
              }
            }
            testID="dialogAlertMessage"
          >
            Test Message
          </Text>
        </View>
        <View
          style={
            {
              "flexDirection": "row",
              "justifyContent": "space-between",
            }
          }
        >
          <View
            accessibilityState={
              {
                "busy": undefined,
                "checked": undefined,
                "disabled": undefined,
                "expanded": undefined,
                "selected": undefined,
              }
            }
            accessibilityValue={
              {
                "max": undefined,
                "min": undefined,
                "now": undefined,
                "text": undefined,
              }
            }
            accessible={true}
            collapsable={false}
            focusable={true}
            onClick={[Function]}
            onResponderGrant={[Function]}
            onResponderMove={[Function]}
            onResponderRelease={[Function]}
            onResponderTerminate={[Function]}
            onResponderTerminationRequest={[Function]}
            onStartShouldSetResponder={[Function]}
            style={
              {
                "alignItems": "center",
                "backgroundColor": "#3a59db",
                "borderRadius": 5,
                "display": "flex",
                "justifyContent": "center",
                "opacity": 1,
                "padding": 8,
              }
            }
            testID="dialogAlertCancelButton"
          />
          <View
            accessibilityState={
              {
                "busy": undefined,
                "checked": undefined,
                "disabled": undefined,
                "expanded": undefined,
                "selected": undefined,
              }
            }
            accessibilityValue={
              {
                "max": undefined,
                "min": undefined,
                "now": undefined,
                "text": undefined,
              }
            }
            accessible={true}
            collapsable={false}
            focusable={true}
            onClick={[Function]}
            onResponderGrant={[Function]}
            onResponderMove={[Function]}
            onResponderRelease={[Function]}
            onResponderTerminate={[Function]}
            onResponderTerminationRequest={[Function]}
            onStartShouldSetResponder={[Function]}
            style={
              {
                "alignItems": "center",
                "backgroundColor": "#f44336",
                "borderRadius": 5,
                "display": "flex",
                "justifyContent": "center",
                "opacity": 1,
                "padding": 8,
              }
            }
            testID="dialogAlertConfirmButton"
          />
        </View>
      </View>
    </View>
  </Modal>
</View>
`;

exports[`DialogAlert render tests should render the provided message 1`] = `
<View
  style={
    {
      "alignItems": "center",
      "backgroundColor": "rgba(0,0,0,0.5)",
      "display": "flex",
      "height": "120%",
      "justifyContent": "center",
      "position": "absolute",
      "width": "120%",
    }
  }
>
  <Modal
    animationType="fade"
    hardwareAccelerated={false}
    testID="dialogAlert"
    transparent={true}
    visible={true}
  >
    <View
      style={
        {
          "alignItems": "center",
          "display": "flex",
          "flex": 1,
          "justifyContent": "center",
        }
      }
    >
      <View
        style={
          {
            "backgroundColor": "#ffffff",
            "borderRadius": 10,
            "padding": 24,
          }
        }
      >
        <View
          style={
            {
              "alignItems": "center",
              "flexDirection": "row",
            }
          }
        >
          <View
            style={
              {
                "alignItems": "center",
                "backgroundColor": "red",
                "borderRadius": 20,
                "height": 30,
                "justifyContent": "center",
                "marginRight": 10,
                "width": 30,
              }
            }
          >
            <Image
              source={
                {
                  "testUri": "../../../src/assets/images/cancel.png",
                }
              }
              style={
                {
                  "height": 20,
                  "width": 20,
                }
              }
              testID="dialogAlertIcon"
            />
          </View>
          <Text
            style={
              {
                "color": "#f44336",
                "display": "flex",
                "flexDirection": "row",
                "fontSize": 24,
              }
            }
            testID="dialogAlertTitle"
          >
            Test Title
          </Text>
        </View>
        <View
          style={
            {
              "marginBottom": 20,
              "marginTop": 20,
            }
          }
        >
          <Text
            style={
              {
                "color": "#000000",
                "display": "flex",
                "flexDirection": "row",
                "fontSize": 14,
              }
            }
            testID="dialogAlertMessage"
          >
            Test Message
          </Text>
        </View>
        <View
          style={
            {
              "flexDirection": "row",
              "justifyContent": "space-between",
            }
          }
        >
          <View
            accessibilityState={
              {
                "busy": undefined,
                "checked": undefined,
                "disabled": undefined,
                "expanded": undefined,
                "selected": undefined,
              }
            }
            accessibilityValue={
              {
                "max": undefined,
                "min": undefined,
                "now": undefined,
                "text": undefined,
              }
            }
            accessible={true}
            collapsable={false}
            focusable={true}
            onClick={[Function]}
            onResponderGrant={[Function]}
            onResponderMove={[Function]}
            onResponderRelease={[Function]}
            onResponderTerminate={[Function]}
            onResponderTerminationRequest={[Function]}
            onStartShouldSetResponder={[Function]}
            style={
              {
                "alignItems": "center",
                "backgroundColor": "#3a59db",
                "borderRadius": 5,
                "display": "flex",
                "justifyContent": "center",
                "opacity": 1,
                "padding": 8,
              }
            }
            testID="dialogAlertCancelButton"
          />
          <View
            accessibilityState={
              {
                "busy": undefined,
                "checked": undefined,
                "disabled": undefined,
                "expanded": undefined,
                "selected": undefined,
              }
            }
            accessibilityValue={
              {
                "max": undefined,
                "min": undefined,
                "now": undefined,
                "text": undefined,
              }
            }
            accessible={true}
            collapsable={false}
            focusable={true}
            onClick={[Function]}
            onResponderGrant={[Function]}
            onResponderMove={[Function]}
            onResponderRelease={[Function]}
            onResponderTerminate={[Function]}
            onResponderTerminationRequest={[Function]}
            onStartShouldSetResponder={[Function]}
            style={
              {
                "alignItems": "center",
                "backgroundColor": "#f44336",
                "borderRadius": 5,
                "display": "flex",
                "justifyContent": "center",
                "opacity": 1,
                "padding": 8,
              }
            }
            testID="dialogAlertConfirmButton"
          />
        </View>
      </View>
    </View>
  </Modal>
</View>
`;

exports[`DialogAlert render tests should render the provided title 1`] = `
<View
  style={
    {
      "alignItems": "center",
      "backgroundColor": "rgba(0,0,0,0.5)",
      "display": "flex",
      "height": "120%",
      "justifyContent": "center",
      "position": "absolute",
      "width": "120%",
    }
  }
>
  <Modal
    animationType="fade"
    hardwareAccelerated={false}
    testID="dialogAlert"
    transparent={true}
    visible={true}
  >
    <View
      style={
        {
          "alignItems": "center",
          "display": "flex",
          "flex": 1,
          "justifyContent": "center",
        }
      }
    >
      <View
        style={
          {
            "backgroundColor": "#ffffff",
            "borderRadius": 10,
            "padding": 24,
          }
        }
      >
        <View
          style={
            {
              "alignItems": "center",
              "flexDirection": "row",
            }
          }
        >
          <View
            style={
              {
                "alignItems": "center",
                "backgroundColor": "red",
                "borderRadius": 20,
                "height": 30,
                "justifyContent": "center",
                "marginRight": 10,
                "width": 30,
              }
            }
          >
            <Image
              source={
                {
                  "testUri": "../../../src/assets/images/cancel.png",
                }
              }
              style={
                {
                  "height": 20,
                  "width": 20,
                }
              }
              testID="dialogAlertIcon"
            />
          </View>
          <Text
            style={
              {
                "color": "#f44336",
                "display": "flex",
                "flexDirection": "row",
                "fontSize": 24,
              }
            }
            testID="dialogAlertTitle"
          >
            Test Title
          </Text>
        </View>
        <View
          style={
            {
              "marginBottom": 20,
              "marginTop": 20,
            }
          }
        >
          <Text
            style={
              {
                "color": "#000000",
                "display": "flex",
                "flexDirection": "row",
                "fontSize": 14,
              }
            }
            testID="dialogAlertMessage"
          >
            Test Message
          </Text>
        </View>
        <View
          style={
            {
              "flexDirection": "row",
              "justifyContent": "space-between",
            }
          }
        >
          <View
            accessibilityState={
              {
                "busy": undefined,
                "checked": undefined,
                "disabled": undefined,
                "expanded": undefined,
                "selected": undefined,
              }
            }
            accessibilityValue={
              {
                "max": undefined,
                "min": undefined,
                "now": undefined,
                "text": undefined,
              }
            }
            accessible={true}
            collapsable={false}
            focusable={true}
            onClick={[Function]}
            onResponderGrant={[Function]}
            onResponderMove={[Function]}
            onResponderRelease={[Function]}
            onResponderTerminate={[Function]}
            onResponderTerminationRequest={[Function]}
            onStartShouldSetResponder={[Function]}
            style={
              {
                "alignItems": "center",
                "backgroundColor": "#3a59db",
                "borderRadius": 5,
                "display": "flex",
                "justifyContent": "center",
                "opacity": 1,
                "padding": 8,
              }
            }
            testID="dialogAlertCancelButton"
          />
          <View
            accessibilityState={
              {
                "busy": undefined,
                "checked": undefined,
                "disabled": undefined,
                "expanded": undefined,
                "selected": undefined,
              }
            }
            accessibilityValue={
              {
                "max": undefined,
                "min": undefined,
                "now": undefined,
                "text": undefined,
              }
            }
            accessible={true}
            collapsable={false}
            focusable={true}
            onClick={[Function]}
            onResponderGrant={[Function]}
            onResponderMove={[Function]}
            onResponderRelease={[Function]}
            onResponderTerminate={[Function]}
            onResponderTerminationRequest={[Function]}
            onStartShouldSetResponder={[Function]}
            style={
              {
                "alignItems": "center",
                "backgroundColor": "#f44336",
                "borderRadius": 5,
                "display": "flex",
                "justifyContent": "center",
                "opacity": 1,
                "padding": 8,
              }
            }
            testID="dialogAlertConfirmButton"
          />
        </View>
      </View>
    </View>
  </Modal>
</View>
`;
